// Jest Snapshot v1, https://goo.gl/fbAQLP

exports[`Character loads 1`] = `
<article
  className="isolate grid gap-2 grid-cols-1"
>
  <div
    className="p-8 flex justify-center"
  >
    <Loading />
  </div>
</article>
`;

exports[`Character mounts 1`] = `
<article
  className="isolate grid gap-2 grid-cols-1"
>
  <React.Fragment>
    <img
      alt=""
      className="object-cover h-48 w-48 lg:h-96 lg:w-96"
      fetchpriority="high"
      src="__character_image__"
    />
    <div
      className="lg:contents"
    >
      <h1
        className="heading-title-bold-primary"
      >
        __character_name__
      </h1>
      <section>
        <span
          aria-description="t(character.status)"
          className="inline-block rounded-full w-2 h-2 __character_status_color__"
        />
         
        t(character.status.__character_status__)
      </section>
      <section>
        <h3
          className="heading-title-tertiary inline-block"
        >
          t(character.species)
        </h3>
         
        __character_species__
        <span>
           (
          __character_type__
          )
        </span>
      </section>
      <section>
        <h3
          className="heading-title-tertiary inline-block"
        >
          t(character.gender)
        </h3>
         
        t(character.gender.__character_gender__)
      </section>
      <section>
        <h3
          className="heading-title-tertiary "
        >
          t(origin.name)
        </h3>
        <details>
          <summary>
            __character_origin_name__
          </summary>
          <div
            className="py-0 px-4"
          >
            <h4
              className="text-ternary inline-block"
            >
              t(location.type)
            </h4>
             
            __character_origin_type__
            <br />
            <h4
              className="text-ternary inline-block"
            >
              t(location.dimension)
            </h4>
             
            __character_origin_dimension__
            <br />
            <h4
              className="text-ternary inline-block"
            >
              t(location.residents)
            </h4>
             
            6
          </div>
        </details>
      </section>
      <section>
        <h3
          className="heading-title-tertiary "
        >
          t(location.name)
        </h3>
        <details>
          <summary>
            __character_location_name__
          </summary>
          <div
            className="py-0 px-4"
          >
            <h4
              className="text-ternary inline-block"
            >
              t(location.type)
            </h4>
             
            __character_location_type__
            <br />
            <h4
              className="text-ternary inline-block"
            >
              t(location.dimension)
            </h4>
             
            __character_location_dimension__
            <br />
            <h4
              className="text-ternary inline-block"
            >
              t(location.residents)
            </h4>
             
            5
          </div>
        </details>
      </section>
      <section>
        <h3
          className="heading-title-tertiary"
        >
          t(episode.list)
        </h3>
        <details>
          <summary>
            t(episode.number)
          </summary>
          <div
            className="py-0 px-4"
          >
            <h4
              className="text-ternary inline-block"
            >
              __character_episode_name__
            </h4>
             
            t(episode.aired)
          </div>
        </details>
      </section>
    </div>
  </React.Fragment>
</article>
`;
